I'm sorry, but errors were detected in your script. Please correct the
errors listed below, and try again.


File "game/screens.rpy", line 290: 'with' is not a keyword argument or valid child of the screen statement.
    with fade
        ^

Ren'Py Version: Ren'Py 8.3.7.25031702
Thu Aug 28 20:27:38 2025
